<?xml version="1.0" encoding="utf-8"?>
<TestRun id="f860c1a3-1e3b-446b-8b46-c6d255448b2e" name="SampleTestRun" xmlns="http://microsoft.com/schemas/VisualStudio/TeamTest/2010">
  <TestDefinitions>
    <UnitTest name="ParentTest" id="1">
      <Execution id="2" />
      <TestMethod className="Namespace.ParentTest" name="ParentTestMethod" />
    </UnitTest>
    <UnitTest name="ChildTest1" id="2">
      <Execution id="3" />
      <TestMethod className="Namespace.ChildTest1" name="ChildTestMethod1" />
    </UnitTest>
    <UnitTest name="ChildTest2" id="3">
      <Execution id="4" />
      <TestMethod className="Namespace.ChildTest2" name="ChildTestMethod2" />
    </UnitTest>
  </TestDefinitions>
  <Results>
    <UnitTestResult executionId="2" testId="1" testName="ParentTest" outcome="Passed" duration="1">
      <Output>
        <StdOut>Parent test passed</StdOut>
      </Output>
      <InnerResults>
        <UnitTestResult executionId="3" testId="2" testName="ChildTest1" outcome="Failed" duration="2">
          <Output>
            <ErrorInfo>
              <Message>Child test 1 failed due to some reason.</Message>
              <StackTrace>Here is a stack trace</StackTrace>
            </ErrorInfo>
          </Output>
        </UnitTestResult>
        <UnitTestResult executionId="4" testId="3" testName="ChildTest2" outcome="Passed" duration="3">
          <Output>
            <StdOut>Child test 2 passed</StdOut>
          </Output>
        </UnitTestResult>
      </InnerResults>
    </UnitTestResult>
  </Results>
  <TestLists>
    <TestList name="Results Not in a List" id="00000000-0000-0000-0000-000000000000" />
    <TestList name="All Loaded Results" id="19431567-8539-422a-85d7-44ee4e166bda" />
  </TestLists>
  <TestEntries>
    <TestEntry testId="1" executionId="2" testListId="19431567-8539-422a-85d7-44ee4e166bda" />
    <TestEntry testId="2" executionId="3" testListId="19431567-8539-422a-85d7-44ee4e166bda" />
    <TestEntry testId="3" executionId="4" testListId="19431567-8539-422a-85d7-44ee4e166bda" />
  </TestEntries>
</TestRun>
